Graph:
# vertices = 9, # edges = 7

0 is connected to 1 2 3
1 is connected to 0
2 is connected to 0 3
3 is connected to 0 2
4 is connected to 5 6
5 is connected to 4
6 is connected to 4
7 is connected to 8
8 is connected to 7

# connected components = 3
