Graph:
# vertices = 5, # edges = 0

0 is connected to
1 is connected to
2 is connected to
3 is connected to
4 is connected to

# connected components = 5
