Original Tree:
      4
     / \
    /   \
   /     \
  2       6
 / \     / \
1   3   5   7

After Mapping:
      3
     / \
    /   \
   /     \
  1       5
 / \     / \
0   2   4   6
