Original Tree:
      4
     / \
    /   \
   /     \
  2       6
 / \     / \
1   3   5   7

After Mapping:
     16
     / \
    /   \
   /     \
  4      36
 / \     / \
1   9   /   \
       25   49
