Original Tree:
  2
 / \
1   3
     \
      4
       \
        5

After Mapping:
  4
 / \
2   6
     \
      8
       \
       10
