Original Tree:
        6
       / \
      /   \
     /     \
    4       8
   / \     /
  2   5   7
 / \
1   3

After Mapping:
        5
       / \
      /   \
     /     \
    3       7
   / \     /
  1   4   6
 / \
0   2
