Original Tree:
        6
       / \
      /   \
     /     \
    4       8
   / \     /
  2   5   7
 / \
1   3

After Mapping:
       36
       / \
      /   \
     /     \
    16     64
   / \     /
  4  25   49
 / \
1   9
