[ 0] 12
[ 1] 13->1
[ 2] 14->2
[ 3] 15->3
[ 4] 4
[ 5] 5
[ 6] 6
[ 7] 7
[ 8] 8
[ 9] 9
[10] 10
[11] 11
