Original List: []
Reversed List: []
Length before: 0, Length after: 0
