Original List: [22, 55, 88, 11, 66, 77, 33, 99, 44]
Reversed List: [44, 99, 33, 77, 66, 11, 88, 55, 22]
Length before: 9, Length after: 9
