Original List: [1, 1, 1, 1, 1, 1, 1, 1, 1, 2]
Reversed List: [2, 1, 1, 1, 1, 1, 1, 1, 1, 1]
Length before: 10, Length after: 10
