Graph:
# vertices = 2, # edges = 1

0 is connected to 1
1 is connected to 0

No well-connected vertices
