Graph:
# vertices = 7, # edges = 6

0 is connected to 1 2 3
1 is connected to 0
2 is connected to 0 4
3 is connected to 0
4 is connected to 2 5 6
5 is connected to 4
6 is connected to 4

Well-connected vertices
0 has 3 connections
4 has 3 connections
2 has 2 connections
