Graph:
# vertices = 7, # edges = 7

0 is connected to 1 2 3 4
1 is connected to 0
2 is connected to 0 3
3 is connected to 0 2
4 is connected to 0 5 6
5 is connected to 4
6 is connected to 4

Well-connected vertices
0 has 4 connections
4 has 3 connections
2 has 2 connections
3 has 2 connections
