Matrix X
[     1     2 ]
[     3     4 ]
Matrix Y
[     1     2 ]
[     3     4 ]
add(X,Y)
[     2     4 ]
[     6     8 ]
