Matrix X
[     1     0     0     0     0 ]
[     0     1     0     0     0 ]
[     0     0     1     0     0 ]
[     0     0     0     1     0 ]
[     0     0     0     0     1 ]
Matrix Y
[     1     0     0     0     0 ]
[     0     1     0     0     0 ]
[     0     0     1     0     0 ]
[     0     0     0     1     0 ]
[     0     0     0     0     1 ]
multiply(X,Y)
[     1     0     0     0     0 ]
[     0     1     0     0     0 ]
[     0     0     1     0     0 ]
[     0     0     0     1     0 ]
[     0     0     0     0     1 ]
